
Allocating common symbols
Common symbol       size              file

Alarm_Monitor_State
                    0x4               Alarm_Monitor.o
AlarmMonitor_State_id
                    0x1               Alarm_Monitor.o
Pressure_Sensor_State
                    0x4               Pressure_Sensor.o
Alarm_Actuator_State_id
                    0x1               Alarm_Actuator.o
PS_State_id         0x1               Pressure_Sensor.o
Main_Algorithm      0x4               Main_Algorithm.o
Alarm_Actuator      0x4               Alarm_Actuator.o
High_Pressure_State_id
                    0x1               Main_Algorithm.o

Memory Configuration

Name             Origin             Length             Attributes
flash            0x08000000         0x00010000         xr
sram             0x20000000         0x00005000         xrw
*default*        0x00000000         0xffffffff

Linker script and memory map


.text           0x08000000      0x36c
 *(.vectors*)
 .vectors       0x08000000       0x10 startup.o
                0x08000000                g_p_fn_vectors
 *(.text*)
 .text          0x08000010       0xac Alarm_Actuator.o
                0x08000010                Alarm_Actuator_Init
                0x0800001c                Start_Alarm
                0x08000038                Stop_Alarm
                0x08000054                st_Waiting
                0x0800006c                st_OFF
                0x08000094                st_ON
 .text          0x080000bc       0x60 Alarm_Monitor.o
                0x080000bc                High_Pressure_Detected
                0x080000d8                st_alarm_off
                0x080000f0                st_alarm_on
 .text          0x0800011c       0x54 Main_Algorithm.o
                0x0800011c                Set_Presssure_Val
                0x08000138                st_High_Pressure
 .text          0x08000170       0x40 Pressure_Sensor.o
                0x08000170                Pressure_Sensor_Init
                0x0800017c                st_reading
 .text          0x080001b0       0xc4 driver.o
                0x080001b0                Delay
                0x080001d0                getPressureVal
                0x080001e8                Set_Alarm_actuator
                0x08000224                GPIO_INITIALIZATION
 .text          0x08000274       0x68 main.o
                0x08000274                Init
                0x080002b4                main
 .text          0x080002dc       0x90 startup.o
                0x080002dc                H_Fault_Handler
                0x080002dc                Deafault_Handler
                0x080002dc                NMI_Handler
                0x080002e8                Reset_Handler
 *(.rodata)
                0x0800036c                _E_text = .

.glue_7         0x0800036c        0x0
 .glue_7        0x0800036c        0x0 linker stubs

.glue_7t        0x0800036c        0x0
 .glue_7t       0x0800036c        0x0 linker stubs

.vfp11_veneer   0x0800036c        0x0
 .vfp11_veneer  0x0800036c        0x0 linker stubs

.v4_bx          0x0800036c        0x0
 .v4_bx         0x0800036c        0x0 linker stubs

.iplt           0x0800036c        0x0
 .iplt          0x0800036c        0x0 Alarm_Actuator.o

.rel.dyn        0x0800036c        0x0
 .rel.iplt      0x0800036c        0x0 Alarm_Actuator.o

.data           0x20000000        0x4 load address 0x0800036c
                0x20000000                _S_DATA = .
 *(.data)
 .data          0x20000000        0x0 Alarm_Actuator.o
 .data          0x20000000        0x0 Alarm_Monitor.o
 .data          0x20000000        0x4 Main_Algorithm.o
 .data          0x20000004        0x0 Pressure_Sensor.o
 .data          0x20000004        0x0 driver.o
 .data          0x20000004        0x0 main.o
 .data          0x20000004        0x0 startup.o
 *(.data.*)
                0x20000004                . = ALIGN (0x4)
                0x20000004                _E_DATA = .

.igot.plt       0x20000004        0x0 load address 0x08000370
 .igot.plt      0x20000004        0x0 Alarm_Actuator.o

.bss            0x20000004     0x2429 load address 0x08000370
                0x20000004                _S_bss = .
 *(.bss*)
 .bss           0x20000004        0x4 Alarm_Actuator.o
                0x20000004                alarm_flag
 .bss           0x20000008        0x0 Alarm_Monitor.o
 .bss           0x20000008        0x4 Main_Algorithm.o
 .bss           0x2000000c        0x4 Pressure_Sensor.o
 .bss           0x20000010        0x0 driver.o
 .bss           0x20000010        0x0 main.o
 .bss           0x20000010      0x400 startup.o
                0x20000410                _E_bss = .
                0x20000410                . = ALIGN (0x4)
                0x20001410                . = (. + 0x1000)
 *fill*         0x20000410     0x1000 
                0x20001410                _heap_End = .
                0x20001410                . = ALIGN (0x4)
                0x20002410                . = (. + 0x1000)
 *fill*         0x20001410     0x1000 
                0x20002410                _stack_top = .
 COMMON         0x20002410        0x8 Alarm_Actuator.o
                0x20002410                Alarm_Actuator_State_id
                0x20002414                Alarm_Actuator
 COMMON         0x20002418        0x5 Alarm_Monitor.o
                0x20002418                Alarm_Monitor_State
                0x2000241c                AlarmMonitor_State_id
 *fill*         0x2000241d        0x3 
 COMMON         0x20002420        0x5 Main_Algorithm.o
                0x20002420                Main_Algorithm
                0x20002424                High_Pressure_State_id
 *fill*         0x20002425        0x3 
 COMMON         0x20002428        0x5 Pressure_Sensor.o
                0x20002428                Pressure_Sensor_State
                0x2000242c                PS_State_id
LOAD Alarm_Actuator.o
LOAD Alarm_Monitor.o
LOAD Main_Algorithm.o
LOAD Pressure_Sensor.o
LOAD driver.o
LOAD main.o
LOAD startup.o
OUTPUT(Project_1.elf elf32-littlearm)

.comment        0x00000000       0x7e
 .comment       0x00000000       0x7e Alarm_Actuator.o
                                 0x7f (size before relaxing)
 .comment       0x0000007e       0x7f Alarm_Monitor.o
 .comment       0x0000007e       0x7f Main_Algorithm.o
 .comment       0x0000007e       0x7f Pressure_Sensor.o
 .comment       0x0000007e       0x7f driver.o
 .comment       0x0000007e       0x7f main.o
 .comment       0x0000007e       0x7f startup.o

.ARM.attributes
                0x00000000       0x33
 .ARM.attributes
                0x00000000       0x33 Alarm_Actuator.o
 .ARM.attributes
                0x00000033       0x33 Alarm_Monitor.o
 .ARM.attributes
                0x00000066       0x33 Main_Algorithm.o
 .ARM.attributes
                0x00000099       0x33 Pressure_Sensor.o
 .ARM.attributes
                0x000000cc       0x33 driver.o
 .ARM.attributes
                0x000000ff       0x33 main.o
 .ARM.attributes
                0x00000132       0x33 startup.o
