
Allocating common symbols
Common symbol       size              file

bss_var             0x3               main.o

Memory Configuration

Name             Origin             Length             Attributes
flash            0x08000000         0x00010000         xr
sram             0x20000000         0x00005000         xrw
*default*        0x00000000         0xffffffff

Linker script and memory map


.text           0x08000000      0x197
 *(.vectors*)
 .vectors       0x08000000       0x1c startup.o
                0x08000000                vectors
 *(.text*)
 .text          0x0800001c       0xe8 main.o
                0x0800001c                _sbark
                0x08000078                main
 .text          0x08000104       0x90 startup.o
                0x08000104                NMI_Handler
                0x08000104                H_Fault_Handler
                0x08000104                Deafault_Handler
                0x08000104                Bus_Fault
                0x08000104                Usage_Fault_Handler
                0x08000104                NM_Fault_Handler
                0x08000110                Reset_Handler
 *(.rodata)
 .rodata        0x08000194        0x3 main.o
                0x08000194                const_variables
                0x08000197                _E_text = .

.glue_7         0x08000198        0x0
 .glue_7        0x08000198        0x0 linker stubs

.glue_7t        0x08000198        0x0
 .glue_7t       0x08000198        0x0 linker stubs

.vfp11_veneer   0x08000198        0x0
 .vfp11_veneer  0x08000198        0x0 linker stubs

.v4_bx          0x08000198        0x0
 .v4_bx         0x08000198        0x0 linker stubs

.iplt           0x08000198        0x0
 .iplt          0x08000198        0x0 main.o

.rel.dyn        0x08000198        0x0
 .rel.iplt      0x08000198        0x0 main.o

.data           0x20000000        0x8 load address 0x08000197
                0x20000000                _S_DATA = .
 *(.data)
 .data          0x20000000        0x7 main.o
                0x20000000                R_ODR
                0x20000004                g_variales
 .data          0x20000007        0x0 startup.o
                0x20000008                . = ALIGN (0x4)
 *fill*         0x20000007        0x1 
                0x20000008                _E_DATA = .

.igot.plt       0x20000008        0x0 load address 0x0800019f
 .igot.plt      0x20000008        0x0 main.o

.bss            0x20000008     0x1007 load address 0x0800019f
                0x20000008                _S_bss = .
 *(.bss)
 .bss           0x20000008        0x4 main.o
 .bss           0x2000000c        0x0 startup.o
                0x2000000c                _E_bss = .
                0x2000000c                . = ALIGN (0x4)
                0x2000100c                . = (. + 0x1000)
 *fill*         0x2000000c     0x1000 
                0x2000100c                _stack_top = .
 COMMON         0x2000100c        0x3 main.o
                0x2000100c                bss_var
LOAD main.o
LOAD startup.o
OUTPUT(learn_in_depth_cortex-m3.elf elf32-littlearm)

.comment        0x00000000       0x7e
 .comment       0x00000000       0x7e main.o
                                 0x7f (size before relaxing)
 .comment       0x0000007e       0x7f startup.o

.ARM.attributes
                0x00000000       0x33
 .ARM.attributes
                0x00000000       0x33 main.o
 .ARM.attributes
                0x00000033       0x33 startup.o
