Stm32_F103C6_gpio_driver.c:19:9:Get_CRLH_Position	8	static
Stm32_F103C6_gpio_driver.c:42:6:MCAL_GPIO_Init	24	static
Stm32_F103C6_gpio_driver.c:93:6:MCAL_GPIO_Init_Port_Range	64	static
Stm32_F103C6_gpio_driver.c:130:6:MCAL_GPIO_DeInit	0	static
Stm32_F103C6_gpio_driver.c:177:9:MCAL_GPIO_ReadPin	0	static
Stm32_F103C6_gpio_driver.c:201:10:MCAL_GPIO_ReadPort	0	static
Stm32_F103C6_gpio_driver.c:217:6:MCAL_GPIO_WritePin	0	static
Stm32_F103C6_gpio_driver.c:242:6:MCAL_GPIO_WritePort	0	static
Stm32_F103C6_gpio_driver.c:256:6:MCAL_GPIO_TogglePin	0	static
Stm32_F103C6_gpio_driver.c:272:9:MCAL_GPIO_LockPin	0	static
